// Jest Snapshot v1, https://goo.gl/fbAQLP

exports[`Summary renders the Summary component unchanged. 1`] = `
<div>
  <div
    data-testid="summary-component"
  >
    <div
      style="display: inherit; height: 17vw; margin-left: auto; margin-right: auto; position: relative; width: 17vw;"
    >
      <span
        style="box-sizing: border-box; display: block; overflow: hidden; background: none; opacity: 1; border: 0px; margin: 0px; padding: 0px; position: absolute; top: 0px; left: 0px; bottom: 0px; right: 0px;"
      >
        <img
          alt="jg_avatar"
          class="avatar"
          data-nimg="fill"
          decoding="async"
          src="data:image/gif;base64,R0lGODlhAQABAIAAAAAAAP///yH5BAEAAAAALAAAAAABAAEAAAIBRAA7"
          style="position: absolute; top: 0px; left: 0px; bottom: 0px; right: 0px; box-sizing: border-box; padding: 0px; margin: auto; display: block; width: 0px; height: 0px; min-width: 100%; max-width: 100%; min-height: 100%; max-height: 100%; object-fit: contain;"
        />
        <noscript />
      </span>
    </div>
    <div
      class="tcl-title"
      data-testid="title"
    >
      <h1
        style="font-size: 3.5vw; margin-top: 7.5%;"
      >
        Joshua Gardiner
      </h1>
    </div>
    <div
      class="tcl-title"
      data-testid="title"
    >
      <h1
        style="font-size: 1.25vw; margin-top: -1.75%; text-transform: uppercase;"
      >
        Software Development Engineer
      </h1>
    </div>
    <div
      class="contactInformation"
      data-testid="summary-contact"
    >
      <p
        data-testid="summary-contact-address"
      >
        37 Oakwood Gardens, Halifax, HX28HB
      </p>
      <p
        data-testid="summary-contact-email"
      >
        joshuagardiner@live.com
      </p>
      <p
        data-testid="summary-contact-telephone"
      >
        +44 7947 633 294
      </p>
    </div>
    <div
      class="tcl-text"
      data-testid="text"
    >
      <p
        style="font-size: 1.125vw; line-height: 2.5vw; margin-left: auto; margin-right: auto; max-width: 75%;"
      >
        An experienced software development engineer with a passion for developing web applications. Well-versed in a variety of technologies and writing code to create applications that are reliable and user-friendly.
      </p>
    </div>
    <div
      class="tcl-text"
      data-testid="text"
    >
      <p
        style="font-size: 1.125vw; line-height: 2.5vw; margin-left: auto; margin-right: auto; max-width: 75%;"
      >
        A budding leader with a proven ability to mentor and motivate colleagues, who can communicate confidently, problem-solve effectively and utilise initiative to deliver applications that are tailored to organizational needs using best practices and the best tool for the job.
      </p>
    </div>
  </div>
</div>
`;
